core_cm7.h:2073:22:SCB_EnableICache	4	static
core_cm7.h:2123:22:SCB_EnableDCache	24	static
core_cm7.h:2161:22:SCB_DisableDCache	24	static
main.c:185:6:JumpToUserProgram	24	static
main.c:226:6:JumpToUserProgram__	24	static
main.c:269:6:DynWebPage	552	static
main.c:302:5:main	40	static
main.c:450:6:SystemClock_Config	232	static
main.c:518:13:MX_CRC_Init	8	static
main.c:549:13:MX_DMA2D_Init	8	static
main.c:588:13:MX_I2C1_Init	8	static
main.c:634:13:MX_JPEG_Init	8	static
main.c:660:13:MX_LTDC_Init	64	static
main.c:722:13:MX_RNG_Init	8	static
main.c:748:13:MX_SDMMC1_SD_Init	4	static
main.c:776:13:MX_UART7_Init	8	static
main.c:811:13:MX_USART6_Init	8	static
main.c:844:13:MX_DMA_Init	16	static
main.c:878:13:MX_FMC_Init	40	static
main.c:917:13:MX_GPIO_Init	72	static
main.c:977:6:HAL_UART_TxCpltCallback	16	static
main.c:995:6:HAL_UART_RxCpltCallback	16	static
main.c:1008:6:HAL_UART_ErrorCallback	16	static
main.c:1020:6:MPU_Config_My	24	static
main.c:1062:6:DBG_Service	48	static
main.c:1220:6:StartDefaultTask	40	static
main.c:1339:6:MPU_Config	24	static
main.c:1372:6:HAL_TIM_PeriodElapsedCallback	16	static
main.c:1389:6:Error_Handler	8	static
