stm32f7xx_it.c:107:6:NMI_Handler	4	static
stm32f7xx_it.c:120:6:HardFault_Handler	8	static
stm32f7xx_it.c:137:6:MemManage_Handler	8	static
stm32f7xx_it.c:153:6:BusFault_Handler	8	static
stm32f7xx_it.c:169:6:UsageFault_Handler	8	static
stm32f7xx_it.c:185:6:DebugMon_Handler	8	static
stm32f7xx_it.c:205:6:EXTI4_IRQHandler	8	static
stm32f7xx_it.c:219:6:DMA1_Stream1_IRQHandler	8	static
stm32f7xx_it.c:233:6:DMA2_Stream2_IRQHandler	8	static
stm32f7xx_it.c:247:6:DMA1_Stream3_IRQHandler	8	static
stm32f7xx_it.c:261:6:TIM1_UP_TIM10_IRQHandler	8	static
stm32f7xx_it.c:275:6:I2C1_EV_IRQHandler	8	static
stm32f7xx_it.c:289:6:I2C1_ER_IRQHandler	8	static
stm32f7xx_it.c:303:6:FMC_IRQHandler	8	static
stm32f7xx_it.c:317:6:SDMMC1_IRQHandler	8	static
stm32f7xx_it.c:331:6:DMA2_Stream0_IRQHandler	8	static
stm32f7xx_it.c:345:6:DMA2_Stream1_IRQHandler	8	static
stm32f7xx_it.c:359:6:DMA2_Stream3_IRQHandler	8	static
stm32f7xx_it.c:373:6:ETH_IRQHandler	8	static
stm32f7xx_it.c:387:6:ETH_WKUP_IRQHandler	8	static
stm32f7xx_it.c:401:6:DMA2_Stream6_IRQHandler	8	static
stm32f7xx_it.c:415:6:DMA2_Stream7_IRQHandler	8	static
stm32f7xx_it.c:429:6:USART6_IRQHandler	8	static
stm32f7xx_it.c:451:6:UART7_IRQHandler	8	static
stm32f7xx_it.c:465:6:LTDC_IRQHandler	8	static
stm32f7xx_it.c:479:6:LTDC_ER_IRQHandler	8	static
stm32f7xx_it.c:493:6:DMA2D_IRQHandler	8	static
stm32f7xx_it.c:507:6:JPEG_IRQHandler	8	static
