stm32f7xx_hal_msp.c:109:6:HAL_MspInit	16	static
stm32f7xx_hal_msp.c:133:6:HAL_CRC_MspInit	24	static
stm32f7xx_hal_msp.c:157:6:HAL_CRC_MspDeInit	16	static
stm32f7xx_hal_msp.c:180:6:HAL_DMA2D_MspInit	24	static
stm32f7xx_hal_msp.c:207:6:HAL_DMA2D_MspDeInit	16	static
stm32f7xx_hal_msp.c:233:6:HAL_I2C_MspInit	48	static
stm32f7xx_hal_msp.c:276:6:HAL_I2C_MspDeInit	16	static
stm32f7xx_hal_msp.c:309:6:HAL_JPEG_MspInit	24	static
stm32f7xx_hal_msp.c:380:6:HAL_JPEG_MspDeInit	16	static
stm32f7xx_hal_msp.c:410:6:HAL_LTDC_MspInit	88	static
stm32f7xx_hal_msp.c:594:6:HAL_LTDC_MspDeInit	16	static
stm32f7xx_hal_msp.c:675:6:HAL_RNG_MspInit	24	static
stm32f7xx_hal_msp.c:699:6:HAL_RNG_MspDeInit	16	static
stm32f7xx_hal_msp.c:722:6:HAL_SD_MspInit	48	static
stm32f7xx_hal_msp.c:819:6:HAL_SD_MspDeInit	16	static
stm32f7xx_hal_msp.c:862:6:HAL_UART_MspInit	56	static
stm32f7xx_hal_msp.c:1011:6:HAL_UART_MspDeInit	16	static
stm32f7xx_hal_msp.c:1067:13:HAL_FMC_MspInit	32	static
stm32f7xx_hal_msp.c:1197:6:HAL_SDRAM_MspInit	16	static
stm32f7xx_hal_msp.c:1209:13:HAL_FMC_MspDeInit	8	static
stm32f7xx_hal_msp.c:1307:6:HAL_SDRAM_MspDeInit	16	static
