fonts_images.c:83:6:DisplayFontsStructState	24	static
fonts_images.c:94:6:InfoForImagesFonts	24	static
fonts_images.c:99:12:LoadFontIndex	32	static
fonts_images.c:116:12:LoadImageName	24	static
fonts_images.c:130:12:SearchFontIndex	32	static
fonts_images.c:144:5:ReturnWidthFont	40	static
fonts_images.c:160:5:LCD_GetFontID_size	16	static
fonts_images.c:167:5:LCD_GetFontID_style	16	static
fonts_images.c:174:5:LCD_GetFontID_bkColor	16	static
fonts_images.c:181:5:LCD_GetFontID_color	16	static
fonts_images.c:188:5:LCD_GetFontID	32	static
fonts_images.c:202:5:ReturnHeightFont	32	static
fonts_images.c:211:5:ReturnWidthFontID	48	static
fonts_images.c:226:5:ReturnHeightFontID	40	static
fonts_images.c:234:5:ReturnHeightHalfFontID	40	static
fonts_images.c:243:12:SearchImageName	24	static
fonts_images.c:254:16:ReturnFontSize	16	static
fonts_images.c:259:13:SetFontHeightHalf	16	static
fonts_images.c:269:13:DynamicFontMemoryAllocation	16	static
fonts_images.c:282:13:DynamicImageMemoryAllocation	16	static
fonts_images.c:295:6:LCD_DeleteAllFontAndImages	16	static
fonts_images.c:323:6:LCD_DeleteFont	32	static
fonts_images.c:347:6:LCD_DeleteImage	24	static
fonts_images.c:368:13:SearchFontsField	40	static
fonts_images.c:394:17:CountCharLenght	48	static
fonts_images.c:425:12:CountHalfHeightForDot	40	static
fonts_images.c:448:13:SearchCurrentFont_TablePos	336	static
fonts_images.c:522:5:LCD_LoadFont	152	static
fonts_images.c:795:5:LCD_LoadImage	32	static
fonts_images.c:919:6:LCD_DrawTxtIndirect_Buff	112	static
fonts_images.c:1025:6:LCD_DrawTxtIndirect_Buff_color	112	static
fonts_images.c:1147:6:LCD_DrawTxt_Buff	112	static
fonts_images.c:1264:6:LCD_DrawTxt_BufferWindow	104	static
fonts_images.c:1381:6:LCD_DrawTxt_Buff_color	112	static
fonts_images.c:1496:6:LCD_DrawTxt_color_BufferWindow	104	static
fonts_images.c:1614:6:LCD_DrawTxtLine_Buff	104	static
fonts_images.c:1738:6:LCD_TxtID	56	static
fonts_images.c:1747:6:LCD_TxtID_BufferWindow	56	static
fonts_images.c:1756:6:LCD_TxtID_color	64	static
fonts_images.c:1765:6:LCD_TxtID_color_BufferWindow	64	static
fonts_images.c:1775:6:LCD_TxtLineID	56	static
fonts_images.c:1785:6:LCD_DrawImageIndirect	32	static
fonts_images.c:1794:9:LCD_GetWidthHeightBmp	32	static
fonts_images.c:1808:6:LCD_DrawBmpBuff_	64	static
fonts_images.c:1864:6:LCD_DrawImage_Buff	80	static
fonts_images.c:1916:5:LCD_LoadAnimation	152	static
fonts_images.c:1944:5:LCD_DrawAnimationIndirect	136	static
