fonts.c:597:12:LCD_LoadImage.part.1	32	static
fonts.c:360:5:LCD_LoadFont.part.2	432	static
fonts.c:65:6:DisplayFontsStructState	40	static
fonts.c:72:6:InfoForImagesFonts	24	static
fonts.c:116:5:ReturnWidthFont	16	static
fonts.c:132:5:ReturnHeightFont	0	static
fonts.c:188:6:LCD_DeleteAllFontAndImages	20	static
fonts.c:206:6:LCD_DeleteFont	8	static
fonts.c:227:6:LCD_DeleteImage	24	static
fonts.c:360:5:LCD_LoadFont	12	static
fonts.c:634:6:LCD_DeleteAnimation	0	static
fonts.c:663:6:Test_LoadFonts	24	static
fonts.c:683:6:Test_LoadBoldFonts	24	static
fonts.c:703:6:Test_LoadItalicsFonts	24	static
fonts.c:723:6:LCD_DrawTxtIndirect_Buff	104	static
fonts.c:818:6:LCD_DrawTxt_Buff	96	static
fonts.c:933:6:LCD_DrawImageIndirect	32	static
fonts.c:943:6:LCD_DrawBmpBuff	40	static
fonts.c:999:6:LCD_DrawImage_Buff	80	static
fonts.c:1051:5:LCD_LoadAnimation	160	static
fonts.c:1079:5:LCD_DrawAnimationIndirect	104	static
fonts.c:1101:6:STARTSTART	144	static
