stmpe811.c:413:13:IOE_Delay	16	static
stmpe811.c:423:13:I2Cx_Error	16	static
stmpe811.c:438:16:I2Cx_Read	40	static
stmpe811.c:462:13:I2Cx_Write	40	static
stmpe811.c:483:6:IOE_Write	16	static
stmpe811.c:494:9:IOE_Read	16	static
stmpe811.c:507:26:I2Cx_ReadMultiple	48	static
stmpe811.c:530:10:IOE_ReadMultiple	24	static
stmpe811.c:540:13:I2Cx_ITConfig	4	static
stmpe811.c:550:6:IOE_ITConfig	8	static
stmpe811.c:560:13:I2Cx_Init	8	static
stmpe811.c:585:13:IOE_Init	4	static
stmpe811.c:595:13:stmpe811_Init	24	static
stmpe811.c:628:13:stmpe811_Reset	16	static
stmpe811.c:648:17:stmpe811_ReadID	24	static
stmpe811.c:663:13:stmpe811_EnableGlobalIT	24	static
stmpe811.c:682:13:stmpe811_DisableGlobalIT	24	static
stmpe811.c:710:13:stmpe811_EnableITSource	24	static
stmpe811.c:737:13:stmpe811_DisableITSource	24	static
stmpe811.c:759:13:stmpe811_SetITPolarity	24	static
stmpe811.c:785:13:stmpe811_SetITType	24	static
stmpe811.c:816:16:stmpe811_GlobalITStatus	16	static
stmpe811.c:835:16:stmpe811_ReadGITStatus	16	static
stmpe811.c:855:13:stmpe811_ClearGlobalIT	16	static
stmpe811.c:869:13:stmpe811_IO_Start	24	static
stmpe811.c:901:16:stmpe811_IO_Config	24	static
stmpe811.c:964:13:stmpe811_IO_InitPin	24	static
stmpe811.c:993:13:stmpe811_IO_DisableAF	24	static
stmpe811.c:1016:13:stmpe811_IO_EnableAF	24	static
stmpe811.c:1041:13:stmpe811_IO_SetEdgeMode	24	static
stmpe811.c:1081:13:stmpe811_IO_WritePin	16	static
stmpe811.c:1104:17:stmpe811_IO_ReadPin	16	static
stmpe811.c:1114:13:stmpe811_IO_EnableIT	16	static
stmpe811.c:1130:13:stmpe811_IO_DisableIT	16	static
stmpe811.c:1147:13:stmpe811_IO_EnablePinIT	24	static
stmpe811.c:1169:13:stmpe811_IO_DisablePinIT	24	static
stmpe811.c:1190:17:stmpe811_IO_ITStatus	16	static
stmpe811.c:1203:13:stmpe811_IO_ClearIT	16	static
stmpe811.c:1226:13:stmpe811_TS_Start	24	static
stmpe811.c:1301:16:stmpe811_TS_DetectTouch	24	static
stmpe811.c:1333:13:stmpe811_TS_GetXY	32	static
stmpe811.c:1356:13:stmpe811_TS_EnableIT	16	static
stmpe811.c:1372:13:stmpe811_TS_DisableIT	16	static
stmpe811.c:1386:16:stmpe811_TS_ITStatus	16	static
stmpe811.c:1397:13:stmpe811_TS_ClearIT	16	static
stmpe811.c:1409:16:stmpe811_GetInstance	24	static
stmpe811.c:1432:9:BSP_TS_Init	24	static
stmpe811.c:1465:9:BSP_TS_GetState	32	static
stmpe811.c:1513:6:BSP_TS_ClearIT	8	static
