SCREEN_Keyboard.c:68:6:KEYBOARD_CursorToggle	16	static
SCREEN_Keyboard.c:73:13:GetKeySign	16	static
SCREEN_Keyboard.c:106:7:ClearKeyBoardStruct	8	static
SCREEN_Keyboard.c:119:6:ClearAllKey	16	static
SCREEN_Keyboard.c:125:5:SearchFirstFreeKey	16	static
SCREEN_Keyboard.c:133:5:GetKeyNumber	24	static
SCREEN_Keyboard.c:141:6:LCD_CursorIndirect	40	static
SCREEN_Keyboard.c:149:6:LCD_DrawUpArrow	48	static
SCREEN_Keyboard.c:157:6:LCD_SignX	24	static
SCREEN_Keyboard.c:175:6:LCD_SignBackspace	32	static
SCREEN_Keyboard.c:212:7:_NextSign	32	static
SCREEN_Keyboard.c:208:13:LCD_NextAnotherSign	48	static
SCREEN_Keyboard.c:229:7:_NextSign	56	static
SCREEN_Keyboard.c:225:13:LCD_NextAnotherSign_Buff	56	static
SCREEN_Keyboard.c:243:6:LCD_SignX_Buff	24	static
SCREEN_Keyboard.c:262:13:LCD_SignSpace_Buff	48	static
SCREEN_Keyboard.c:272:13:LCD_SignSpace	40	static
SCREEN_Keyboard.c:283:6:LCD_SignBackspace_Buff	40	static
SCREEN_Keyboard.c:317:6:KeyBlock	88	static
SCREEN_Keyboard.c:444:6:LCD_Keyboard	112	static
SCREEN_Keyboard.c:568:5:KEYBOARD_GetEndPosX	24	static
SCREEN_Keyboard.c:572:5:KEYBOARD_GetStartPosX	24	static
SCREEN_Keyboard.c:576:5:KEYBOARD_GetStartPosY	24	static
SCREEN_Keyboard.c:580:5:KEYBOARD_GetPixelTxtPosX	56	static
SCREEN_Keyboard.c:623:6:KEYBOARD_DisplayTxt	344	static
SCREEN_Keyboard.c:672:6:SCREEN_KeyboardSet	176	static
SCREEN_Keyboard.c:797:6:TOUCH_KeyID	72	static
SCREEN_Keyboard.c:862:5:KEYBOARD_GetTxtLines	48	static
SCREEN_Keyboard.c:902:13:KEYBOARD_CursorPosChange	360	static
SCREEN_Keyboard.c:1012:5:KEYBOARD_SetChar	304	static
SCREEN_Keyboard.c:1270:13:IsVarNotSet	16	static
SCREEN_Keyboard.c:1280:13:VarReset	16	static
SCREEN_Keyboard.c:1285:13:IsBitNotSet	40	static
SCREEN_Keyboard.c:1295:13:ResetAllBitsWithout	40	static
SCREEN_Keyboard.c:1305:13:AllBitsReset	16	static
SCREEN_Keyboard.c:1309:12:IsAnySetBit	48	static
SCREEN_Keyboard.c:1322:6:IncScrollVal	24	static
SCREEN_Keyboard.c:1330:6:TOUCH_KeyboardSet	32	static
