SCREEN_Common.c:61:6:ClearAllPaints	16	static
SCREEN_Common.c:70:6:LCD_LoadPaint	64	static
SCREEN_Common.c:103:6:LCD_DrawPaint	64	static
SCREEN_Common.c:120:7:Temp2str	24	static
SCREEN_Common.c:126:6:AllRefreshScreenClear	16	static
SCREEN_Common.c:131:6:RefreshScreenClear	16	static
SCREEN_Common.c:135:5:IsRefreshScreenTimeout	16	static
SCREEN_Common.c:145:6:SCREEN_Load	24	static
SCREEN_Common.c:167:6:SCREEN_Touch	24	static
SCREEN_Common.c:188:6:TouchService	16	static
SCREEN_Common.c:210:6:RefreshData	24	static
SCREEN_Common.c:257:6:LCD_Obraz_image1	8	static
SCREEN_Common.c:263:6:LCD_Obraz_image2	8	static
SCREEN_Common.c:269:6:LCD_Obraz_image3	8	static
SCREEN_Common.c:275:6:LCD_Obraz_imageSS	8	static
SCREEN_Common.c:281:6:LCD_Obraz_image4	8	static
SCREEN_Common.c:287:6:LCD_Obraz_image5	8	static
SCREEN_Common.c:294:6:LCD_FontsTest	56	static
SCREEN_Common.c:348:6:SCREEN_LoadFromAVI	8	static
SCREEN_Common.c:355:6:FUNCTION_MainMenuSelect	16	static
