stm32f7xx_ll_sdmmc.c:230:19:SDMMC_Init	24	static
stm32f7xx_ll_sdmmc.c:283:10:SDMMC_ReadFIFO	16	static
stm32f7xx_ll_sdmmc.c:295:19:SDMMC_WriteFIFO	16	static
stm32f7xx_ll_sdmmc.c:327:19:SDMMC_PowerState_ON	16	static
stm32f7xx_ll_sdmmc.c:340:19:SDMMC_PowerState_OFF	16	static
stm32f7xx_ll_sdmmc.c:357:10:SDMMC_GetPowerState	16	static
stm32f7xx_ll_sdmmc.c:370:19:SDMMC_SendCommand	24	static
stm32f7xx_ll_sdmmc.c:400:9:SDMMC_GetCommandResponse	16	static
stm32f7xx_ll_sdmmc.c:417:10:SDMMC_GetResponse	24	static
stm32f7xx_ll_sdmmc.c:438:19:SDMMC_ConfigData	24	static
stm32f7xx_ll_sdmmc.c:473:10:SDMMC_GetDataCounter	16	static
stm32f7xx_ll_sdmmc.c:483:10:SDMMC_GetFIFOCount	16	static
stm32f7xx_ll_sdmmc.c:497:19:SDMMC_SetSDMMCReadWaitMode	16	static
stm32f7xx_ll_sdmmc.c:532:10:SDMMC_CmdBlockLength	40	static
stm32f7xx_ll_sdmmc.c:559:10:SDMMC_CmdReadSingleBlock	40	static
stm32f7xx_ll_sdmmc.c:586:10:SDMMC_CmdReadMultiBlock	40	static
stm32f7xx_ll_sdmmc.c:613:10:SDMMC_CmdWriteSingleBlock	40	static
stm32f7xx_ll_sdmmc.c:637:10:SDMMC_CmdWriteMultiBlock	40	static
stm32f7xx_ll_sdmmc.c:661:10:SDMMC_CmdSDEraseStartAdd	40	static
stm32f7xx_ll_sdmmc.c:685:10:SDMMC_CmdSDEraseEndAdd	40	static
stm32f7xx_ll_sdmmc.c:709:10:SDMMC_CmdEraseStartAdd	40	static
stm32f7xx_ll_sdmmc.c:733:10:SDMMC_CmdEraseEndAdd	40	static
stm32f7xx_ll_sdmmc.c:757:10:SDMMC_CmdErase	40	static
stm32f7xx_ll_sdmmc.c:781:10:SDMMC_CmdStopTransfer	40	static
stm32f7xx_ll_sdmmc.c:806:10:SDMMC_CmdSelDesel	48	static
stm32f7xx_ll_sdmmc.c:830:10:SDMMC_CmdGoIdleState	40	static
stm32f7xx_ll_sdmmc.c:853:10:SDMMC_CmdOperCond	40	static
stm32f7xx_ll_sdmmc.c:883:10:SDMMC_CmdAppCommand	40	static
stm32f7xx_ll_sdmmc.c:910:10:SDMMC_CmdAppOperCommand	40	static
stm32f7xx_ll_sdmmc.c:933:10:SDMMC_CmdBusWidth	40	static
stm32f7xx_ll_sdmmc.c:956:10:SDMMC_CmdSendSCR	40	static
stm32f7xx_ll_sdmmc.c:980:10:SDMMC_CmdSendCID	40	static
stm32f7xx_ll_sdmmc.c:1004:10:SDMMC_CmdSendCSD	40	static
stm32f7xx_ll_sdmmc.c:1028:10:SDMMC_CmdSetRelAdd	40	static
stm32f7xx_ll_sdmmc.c:1052:10:SDMMC_CmdSendStatus	40	static
stm32f7xx_ll_sdmmc.c:1075:10:SDMMC_CmdStatusRegister	40	static
stm32f7xx_ll_sdmmc.c:1100:10:SDMMC_CmdOpCondition	40	static
stm32f7xx_ll_sdmmc.c:1124:10:SDMMC_CmdSwitch	40	static
stm32f7xx_ll_sdmmc.c:1156:17:SDMMC_GetCmdError	16	static
stm32f7xx_ll_sdmmc.c:1183:17:SDMMC_GetCmdResp1	40	static
stm32f7xx_ll_sdmmc.c:1312:17:SDMMC_GetCmdResp2	16	static
stm32f7xx_ll_sdmmc.c:1354:17:SDMMC_GetCmdResp3	16	static
stm32f7xx_ll_sdmmc.c:1393:17:SDMMC_GetCmdResp6	40	static
stm32f7xx_ll_sdmmc.c:1460:17:SDMMC_GetCmdResp7	16	static
