graphics.c:2048:6:LCD_ImageComposition.constprop	28	static
graphics.c:22:6:LCD_DrawBoldRectangle	72	static
graphics.c:49:6:LCD_DrawRoundRectangle1	64	static
graphics.c:86:6:LCD_DrawBoldRoundRectangle1	64	static
graphics.c:123:6:LCD_DrawRoundRectangle2	80	static
graphics.c:186:6:LCD_DrawBoldRoundRectangle2	72	static
graphics.c:250:6:LCD_DrawRoundRectangle3	80	static
graphics.c:390:6:LCD_DrawBoldRoundRectangle3	88	static
graphics.c:531:6:LCD_DrawDownTriangle	72	static
graphics.c:570:6:LCD_DrawRightUpTriangle	72	static
graphics.c:609:6:LCD_DrawLeftTriangle	80	static
graphics.c:678:6:LCD_DrawRightTriangle	80	static
graphics.c:747:6:LCD_DrawRightDownTriangle	72	static
graphics.c:786:6:LCD_DrawRightDownTriangle_xPosFill	72	static
graphics.c:834:6:LCD_DrawLeftDownTriangle	72	static
graphics.c:873:6:LCD_DrawBoldDownTriangle	80	static
graphics.c:912:6:LCD_DrawUpTriangle	72	static
graphics.c:951:6:LCD_DrawBoldUpTriangle	72	static
graphics.c:990:6:TxtID_color	48	static
graphics.c:995:6:TxtID_Var_color	64	static
graphics.c:1011:6:LCD_DrawTxt_Var	48	static
graphics.c:1027:6:TxtID_Var	56	static
graphics.c:1049:6:LCD_SetTxtYPos	0	static
graphics.c:1053:6:LCD_SetTxtXPos	0	static
graphics.c:1057:6:LCD_Txt_AddY	0	static
graphics.c:1061:5:LCD_GetTxtXPos	0	static
graphics.c:1065:5:LCD_GetTxtYPos	0	static
graphics.c:1069:6:LCD_Txt_SubY	0	static
graphics.c:1073:5:LCD_Txt_getY	0	static
graphics.c:1077:6:LCD_DrawTxtIndirect_color	56	static
graphics.c:1081:6:LCD_DrawTxtIndirect	48	static
graphics.c:1085:6:LCD_Txt	56	static
graphics.c:1095:6:LCD_Txt_color	64	static
graphics.c:1106:6:BSP_LCD_DrawCircle	56	static
graphics.c:1148:6:BSP_LCD_FillCircle	48	static
graphics.c:1187:6:BSP_LCD_DrawEllipse	56	static
graphics.c:1214:6:LCD_DrawRectangleBuff	48	static
graphics.c:1243:6:LCD_DrawRoundRectangle1Buff	64	static
graphics.c:1281:6:LCD_DrawBoldRectangleBuff	56	static
graphics.c:1310:6:LCD_DrawBoldRoundRectangle1Buff	72	static
graphics.c:1347:6:LCD_DrawCheckedBuff	64	static
graphics.c:1392:6:LCD_DrawBoldCheckedBuff	72	static
graphics.c:1438:6:LCD_DrawDownTriangleBuff	64	static
graphics.c:1475:6:LCD_DrawBoldDownTriangleBuff	80	static
graphics.c:1512:6:LCD_DrawUpTriangleBuff	64	static
graphics.c:1549:6:LCD_DrawRightTriangleBuff	64	static
graphics.c:1616:6:LCD_DrawLeftTriangleBuff	56	static
graphics.c:1681:6:LCD_DrawBoldUpTriangleBuff	72	static
graphics.c:1718:6:LCD_DrawRightDownTriangle_xPosFillBuff	64	static
graphics.c:1764:6:LCD_DrawRoundRectangle3Buff	96	static
graphics.c:1906:6:LCD_DrawBoldRoundRectangle3Buff	112	static
graphics.c:2048:6:LCD_ImageComposition	28	static
graphics.c:2072:6:BSP_LCD_FillEllipse	56	static
graphics.c:2233:6:TxtID_color_BufferWindow	16	static
graphics.c:2238:6:LCD_Clear	16	static
graphics.c:2250:6:LCD_DrawImage	0	static
graphics.c:2255:6:TxtID	32	static
graphics.c:2260:6:TxtLineID	32	static
graphics.c:2267:6:LCD_StrenghtGsmSign	32	static
graphics.c:2273:6:LCD_DrawRightDownTriangle_xPosFillIndirect	32	static
graphics.c:2279:6:LCD_StrenghtGsmSignIndirect	40	static
graphics.c:2285:6:LCD_DrawRectangle	64	static
graphics.c:2312:6:LCD_DownTriangleIndirect	32	static
graphics.c:2318:6:LCD_BoldDownTriangleIndirect	32	static
graphics.c:2324:6:LCD_BoldUpTriangleIndirect	32	static
graphics.c:2330:6:LCD_DrawRectangleIndirect	64	static
graphics.c:2366:6:LCD_UpSliderIndirect	96	static
graphics.c:2374:6:LCD_DownSliderIndirect	96	static
graphics.c:2382:6:LCD_RightSliderIndirect	96	static
graphics.c:2390:6:LCD_LeftSliderIndirect	96	static
graphics.c:2399:6:LCD_UpTriangleIndirect	32	static
graphics.c:2408:6:LCD_RightTriangleIndirect	32	static
graphics.c:2413:6:LCD_LeftTriangleIndirect	32	static
graphics.c:2422:6:SetPolygonPoint	4	static
graphics.c:2428:6:LCD_DrawLine	72	static
graphics.c:2500:6:LCD_DrawPolygon	88	static
graphics.c:2516:6:LCD_DrawLineBuff	64	static
graphics.c:2588:6:LCD_DrawPolygonBuff	80	static
graphics.c:2604:6:LCD_DrawThemeFrame	88	static
