layer.c:20:6:LCD_DrawBoldRectangle	72	static
layer.c:47:6:LCD_DrawRoundRectangle1	64	static
layer.c:84:6:LCD_DrawBoldRoundRectangle1	64	static
layer.c:121:6:LCD_DrawRoundRectangle2	80	static
layer.c:184:6:LCD_DrawBoldRoundRectangle2	72	static
layer.c:248:6:LCD_DrawRoundRectangle3	80	static
layer.c:388:6:LCD_DrawBoldRoundRectangle3	88	static
layer.c:529:6:LCD_DrawDownTriangle	72	static
layer.c:568:6:LCD_DrawRightUpTriangle	72	static
layer.c:607:6:LCD_DrawLeftTriangle	80	static
layer.c:676:6:LCD_DrawRightTriangle	80	static
layer.c:745:6:LCD_DrawRightDownTriangle	72	static
layer.c:784:6:LCD_DrawRightDownTriangle_xPosFill	72	static
layer.c:832:6:LCD_DrawLeftDownTriangle	72	static
layer.c:871:6:LCD_DrawBoldDownTriangle	80	static
layer.c:910:6:LCD_DrawUpTriangle	72	static
layer.c:949:6:LCD_DrawBoldUpTriangle	72	static
layer.c:988:6:TxtID_color	48	static
layer.c:993:6:TxtID_Var_color	64	static
layer.c:1009:6:LCD_DrawTxt_Var	48	static
layer.c:1025:6:TxtID_Var	56	static
layer.c:1047:6:LCD_SetTxtYPos	0	static
layer.c:1051:6:LCD_SetTxtXPos	0	static
layer.c:1055:6:LCD_Txt_AddY	0	static
layer.c:1059:5:LCD_GetTxtXPos	0	static
layer.c:1063:5:LCD_GetTxtYPos	0	static
layer.c:1067:6:LCD_Txt_SubY	0	static
layer.c:1071:5:LCD_Txt_getY	0	static
layer.c:1075:6:LCD_DrawTxtIndirect_color	56	static
layer.c:1079:6:LCD_DrawTxtIndirect	48	static
layer.c:1083:6:LCD_Txt	56	static
layer.c:1093:6:LCD_Txt_color	64	static
layer.c:1104:6:BSP_LCD_DrawCircle	56	static
layer.c:1146:6:BSP_LCD_FillCircle	48	static
layer.c:1185:6:BSP_LCD_DrawEllipse	56	static
layer.c:1212:6:LCD_DrawRectangleBuff	48	static
layer.c:1241:6:LCD_DrawRoundRectangle1Buff	64	static
layer.c:1279:6:LCD_DrawBoldRectangleBuff	56	static
layer.c:1308:6:LCD_DrawBoldRoundRectangle1Buff	72	static
layer.c:1345:6:LCD_DrawCheckedBuff	64	static
layer.c:1390:6:LCD_DrawBoldCheckedBuff	72	static
layer.c:1436:6:LCD_DrawDownTriangleBuff	64	static
layer.c:1473:6:LCD_DrawBoldDownTriangleBuff	80	static
layer.c:1510:6:LCD_DrawUpTriangleBuff	64	static
layer.c:1547:6:LCD_DrawRightTriangleBuff	64	static
layer.c:1614:6:LCD_DrawLeftTriangleBuff	56	static
layer.c:1679:6:LCD_DrawBoldUpTriangleBuff	72	static
layer.c:1716:6:LCD_DrawRightDownTriangle_xPosFillBuff	64	static
layer.c:1762:6:LCD_DrawRoundRectangle3Buff	96	static
layer.c:1904:6:LCD_DrawBoldRoundRectangle3Buff	112	static
layer.c:2046:6:LCD_ImageComposition	28	static
layer.c:2070:6:BSP_LCD_FillEllipse	56	static
