LCD_BasicGaphics.c:28:6:LCD_DrawBoldRectangle	48	static
LCD_BasicGaphics.c:55:6:LCD_DrawRoundRectangle1	48	static
LCD_BasicGaphics.c:92:6:LCD_DrawBoldRoundRectangle1	48	static
LCD_BasicGaphics.c:129:6:LCD_DrawRoundRectangle2	48	static
LCD_BasicGaphics.c:192:6:LCD_DrawBoldRoundRectangle2	48	static
LCD_BasicGaphics.c:265:7:_FillBuff	32	static
LCD_BasicGaphics.c:261:6:LCD_DrawRoundRectangle3_TEST	48	static
LCD_BasicGaphics.c:273:7:_StartLine	24	static
LCD_BasicGaphics.c:277:7:_NextLine	24	static
LCD_BasicGaphics.c:352:7:_FillBuff	32	static
LCD_BasicGaphics.c:348:6:LCD_DrawRoundRectangle3_AA_TEST	56	static
LCD_BasicGaphics.c:360:7:_StartLine	24	static
LCD_BasicGaphics.c:364:7:_NextLine	24	static
LCD_BasicGaphics.c:439:7:_FillBuff	32	static
LCD_BasicGaphics.c:435:6:LCD_DrawBoldRoundRectangle3_AA_TEST	56	static
LCD_BasicGaphics.c:447:7:_StartLine	24	static
LCD_BasicGaphics.c:451:7:_NextLine	24	static
LCD_BasicGaphics.c:525:7:_FillBuff	32	static
LCD_BasicGaphics.c:521:6:LCD_DrawBoldRoundRectangle3_TEST	48	static
LCD_BasicGaphics.c:533:7:_StartLine	24	static
LCD_BasicGaphics.c:537:7:_NextLine	24	static
LCD_BasicGaphics.c:608:6:LCD_DrawRoundRectangle3	40	static
LCD_BasicGaphics.c:992:6:LCD_DrawBoldRoundRectangle3	48	static
LCD_BasicGaphics.c:1133:6:LCD_DrawDownTriangle	40	static
LCD_BasicGaphics.c:1172:6:LCD_DrawRightUpTriangle	40	static
LCD_BasicGaphics.c:1211:6:LCD_DrawLeftTriangle	40	static
LCD_BasicGaphics.c:1280:6:LCD_DrawRightTriangle	40	static
LCD_BasicGaphics.c:1349:6:LCD_DrawRightDownTriangle	40	static
LCD_BasicGaphics.c:1388:6:LCD_DrawRightDownTriangle_xPosFill	40	static
LCD_BasicGaphics.c:1436:6:LCD_DrawLeftDownTriangle	40	static
LCD_BasicGaphics.c:1475:6:LCD_DrawBoldDownTriangle	40	static
LCD_BasicGaphics.c:1514:6:LCD_DrawUpTriangle	40	static
LCD_BasicGaphics.c:1553:6:LCD_DrawBoldUpTriangle	40	static
LCD_BasicGaphics.c:1592:6:TxtID_color	48	static
LCD_BasicGaphics.c:1597:6:TxtID_Var_color	64	static
LCD_BasicGaphics.c:1613:6:LCD_DrawTxt_Var	48	static
LCD_BasicGaphics.c:1629:6:TxtID_Var	56	static
LCD_BasicGaphics.c:1651:6:LCD_SetTxtYPos	16	static
LCD_BasicGaphics.c:1655:6:LCD_SetTxtXPos	16	static
LCD_BasicGaphics.c:1659:6:LCD_Txt_AddY	16	static
LCD_BasicGaphics.c:1663:5:LCD_GetTxtXPos	16	static
LCD_BasicGaphics.c:1670:5:LCD_GetTxtYPos	16	static
LCD_BasicGaphics.c:1677:6:LCD_Txt_SubY	16	static
LCD_BasicGaphics.c:1681:6:LCD_DrawTxtIndirect_color	56	static
LCD_BasicGaphics.c:1685:6:LCD_DrawTxtIndirect	48	static
LCD_BasicGaphics.c:1689:6:LCD_Txt	64	static
LCD_BasicGaphics.c:1699:6:LCD_Txt_color	72	static
LCD_BasicGaphics.c:1710:6:BSP_LCD_DrawCircle	32	static
LCD_BasicGaphics.c:1752:6:BSP_LCD_FillCircle	32	static
LCD_BasicGaphics.c:1791:6:BSP_LCD_DrawEllipse	64	static
LCD_BasicGaphics.c:1818:6:LCD_DrawRectangleBuff	40	static
LCD_BasicGaphics.c:1847:6:LCD_DrawRoundRectangle1Buff	40	static
LCD_BasicGaphics.c:1885:6:LCD_DrawBoldRectangleBuff	40	static
LCD_BasicGaphics.c:1913:6:LCD_DrawBoldRoundRectangle1Buff	40	static
LCD_BasicGaphics.c:1950:6:LCD_DrawCheckedBuff	40	static
LCD_BasicGaphics.c:1995:6:LCD_DrawBoldCheckedBuff	40	static
LCD_BasicGaphics.c:2041:6:LCD_DrawDownTriangleBuff	40	static
LCD_BasicGaphics.c:2078:6:LCD_DrawBoldDownTriangleBuff	40	static
LCD_BasicGaphics.c:2115:6:LCD_DrawUpTriangleBuff	40	static
LCD_BasicGaphics.c:2152:6:LCD_DrawRightTriangleBuff	40	static
LCD_BasicGaphics.c:2217:6:LCD_DrawLeftTriangleBuff	40	static
LCD_BasicGaphics.c:2282:6:LCD_DrawBoldUpTriangleBuff	40	static
LCD_BasicGaphics.c:2319:6:LCD_DrawRightDownTriangle_xPosFillBuff	40	static
LCD_BasicGaphics.c:2365:6:LCD_DrawRoundRectangle3Buff	40	static
LCD_BasicGaphics.c:2507:6:LCD_DrawBoldRoundRectangle3Buff	40	static
LCD_BasicGaphics.c:2649:6:LCD_ImageComposition	48	static
LCD_BasicGaphics.c:2673:6:BSP_LCD_FillEllipse	64	static
LCD_BasicGaphics.c:2834:6:TxtID_color_BufferWindow	48	static
LCD_BasicGaphics.c:2839:6:LCD_Clear	24	static
LCD_BasicGaphics.c:2851:6:LCD_ClearScreen	24	static
LCD_BasicGaphics.c:2857:6:LCD_DrawImage	24	static
LCD_BasicGaphics.c:2862:6:TxtID	40	static
LCD_BasicGaphics.c:2867:6:TxtLineID	40	static
LCD_BasicGaphics.c:2874:6:LCD_StrenghtGsmSign	40	static
LCD_BasicGaphics.c:2880:6:LCD_DrawRightDownTriangle_xPosFillIndirect	32	static
LCD_BasicGaphics.c:2886:6:LCD_StrenghtGsmSignIndirect	40	static
LCD_BasicGaphics.c:2892:6:LCD_DrawRectangle	48	static
LCD_BasicGaphics.c:2919:6:LCD_DownTriangleIndirect	32	static
LCD_BasicGaphics.c:2925:6:LCD_BoldDownTriangleIndirect	32	static
LCD_BasicGaphics.c:2931:6:LCD_BoldUpTriangleIndirect	32	static
LCD_BasicGaphics.c:2937:6:LCD_DrawRectangleIndirect	56	static
LCD_BasicGaphics.c:2975:6:LCD_UpTriangleIndirect	32	static
LCD_BasicGaphics.c:2984:6:LCD_RightTriangleIndirect	32	static
LCD_BasicGaphics.c:2989:6:LCD_LeftTriangleIndirect	32	static
LCD_BasicGaphics.c:2998:6:SetPolygonPoint	16	static
LCD_BasicGaphics.c:3004:6:LCD_DrawLine	56	static
LCD_BasicGaphics.c:3076:6:LCD_DrawPolygon	40	static
LCD_BasicGaphics.c:3092:6:LCD_DrawLineBuff	56	static
LCD_BasicGaphics.c:3164:6:LCD_DrawPolygonBuff	56	static
LCD_BasicGaphics.c:3180:6:LCD_DrawThemeFrame	64	static
LCD_BasicGaphics.c:3189:6:LCD_DrawChecked	40	static
LCD_BasicGaphics.c:3218:6:LCD_DrawBoldChecked	40	static
LCD_BasicGaphics.c:3247:6:LCD_DrawCircle	72	static
LCD_BasicGaphics.c:3269:6:LCD_DrawFillCircle	88	static
LCD_BasicGaphics.c:3304:6:LCD_ImageFromSDandDisplay	16	static
LCD_BasicGaphics.c:3310:6:LCD_DrawWidthFrame	56	static
LCD_BasicGaphics.c:3318:6:LCD_DrawTxt	48	static
LCD_BasicGaphics.c:3323:6:TxtID_BufferWindow	40	static
LCD_BasicGaphics.c:3328:5:LCD_DrawAnimation	24	static
LCD_BasicGaphics.c:3333:6:LCD_DisplayBuff	32	static
LCD_BasicGaphics.c:3338:6:LCD_Display	32	static
LCD_BasicGaphics.c:3343:6:LCD_DrawBmpBuff	16	static
