esp32wroom.c:98:6:DefaultSettingsWIFI	16	static
esp32wroom.c:129:12:GetAnswerDelay	4	static
esp32wroom.c:148:13:ChangeUartBuadRate	16	static
esp32wroom.c:163:13:StartDMA	8	static
esp32wroom.c:169:13:RestartDMA	8	static
esp32wroom.c:176:12:SendToEsp	24	static
esp32wroom.c:187:12:SendToEsp_DMA	16	static
esp32wroom.c:193:13:isAnythingRecv	4	static
esp32wroom.c:201:13:DisplayRequestGET	24	static
esp32wroom.c:212:6:vTestATcommand	8	static
esp32wroom.c:220:6:vDNSdomain	8	static
esp32wroom.c:228:6:vRestoreESP	8	static
esp32wroom.c:236:13:GetSizeAndChannel	32	static
esp32wroom.c:265:12:GetDMACountByte	4	static
esp32wroom.c:270:12:vSendDataPacket	72	static
esp32wroom.c:313:12:vCloseConnection	24	static
esp32wroom.c:330:12:vSendData	40	static
esp32wroom.c:357:12:vSendDataHTTP	24	static
esp32wroom.c:366:12:vSendDataSMTP	24	static
esp32wroom.c:379:12:vSendCommandSMTP	24	static
esp32wroom.c:390:12:GetRecvCodeEmail	32	static
esp32wroom.c:421:14:vWaitForRecv	32	static
esp32wroom.c:444:12:vGetEmailRecvCode	32	static
esp32wroom.c:476:13:SendDummyData	16	static
esp32wroom.c:487:12:GetHttpPort	8	static
esp32wroom.c:498:12:vStartServer	16	static
esp32wroom.c:514:12:vStopServer	16	static
esp32wroom.c:530:6:vRestartWifiServer	8	static
esp32wroom.c:537:13:vCheckEmailAnswer	24	static
esp32wroom.c:557:13:EmailSendStart	48	static
esp32wroom.c:592:13:ErrorServiceSMTP	8	static
esp32wroom.c:616:12:vGetConnectionResultToSTA	16	static
esp32wroom.c:657:13:GetAddressesForConnection	32	static
esp32wroom.c:676:13:vQueryAndReplaceEmailAddrName2AddrIP	24	static
esp32wroom.c:716:12:vQueryAndLoadTimeFromSNTP	64	static
esp32wroom.c:767:13:vLoadTime	24	static
esp32wroom.c:775:6:vtaskWifi	72	static
esp32wroom.c:1152:6:CreateWifiTask	16	static
esp32wroom.c:1157:6:CloseWifiTask	8	static
esp32wroom.c:1164:6:RestartWifiTask	8	static
esp32wroom.c:1171:6:WIFI_UartErrorService	4	static
esp32wroom.c:1176:6:WIFI_RxCallbackService	8	static
