LCD_SliderID.c:20:13:LCD_DrawSlider_H	96	static
LCD_SliderID.c:73:13:LCD_DrawSlider_V	96	static
LCD_SliderID.c:126:12:LCD_DrawSliderIndirect_H	80	static
LCD_SliderID.c:178:12:LCD_DrawSliderIndirect_V	80	static
LCD_SliderID.c:229:12:LCD_ReturnPositionSlider_H	16	static
LCD_SliderID.c:233:12:LCD_ReturnPositionSlider_V	16	static
LCD_SliderID.c:238:13:LCD_UpSliderIndirect	48	static
LCD_SliderID.c:250:13:LCD_DownSliderIndirect	48	static
LCD_SliderID.c:262:13:LCD_RightSliderIndirect	48	static
LCD_SliderID.c:274:13:LCD_LeftSliderIndirect	48	static
LCD_SliderID.c:287:6:LCD_DrawSliderWithButtons_H	80	static
LCD_SliderID.c:349:6:LCD_DrawSliderWithButtons_V	88	static
LCD_SliderID.c:411:5:LCD_Slider	48	static
LCD_SliderID.c:432:5:LCD_SliderButton	48	static
LCD_SliderID.c:453:6:vLCD_UpSliderTouchEffect	24	static
LCD_SliderID.c:460:6:vLCD_DownSliderTouchEffect	24	static
LCD_SliderID.c:467:6:vLCD_LeftSliderTouchEffect	24	static
LCD_SliderID.c:474:6:vLCD_RightSliderTouchEffect	24	static
LCD_SliderID.c:485:6:LCD_DrawSliderWithButtons	48	static
LCD_SliderID.c:499:6:ClearAllSlider	16	static
LCD_SliderID.c:511:6:LCD_TxtIDSlider	40	static
LCD_SliderID.c:517:5:IsTouchSlider	16	static
LCD_SliderID.c:528:5:TOUCH_SliderService	48	static
